// Jest Snapshot v1, https://goo.gl/fbAQLP

exports[`CustomDatePicker renders correctly 1`] = `
<div
  class="react-datepicker-wrapper"
>
  <div
    class="react-datepicker__input-container"
  >
    <span
      aria-live="polite"
      class="react-datepicker__aria-live"
      role="alert"
    />
    <div
      class="custom-date-picker"
    >
      Sun 19th Feb 2023
    </div>
  </div>
</div>
`;
