// Jest Snapshot v1, https://goo.gl/fbAQLP

exports[`DailyEnergyUsageTable renders correctly 1`] = `
Object {
  "asFragment": [Function],
  "baseElement": <body>
    <div>
      <div
        class="table d-md-block d-none"
      >
        <div
          class="table-header"
        >
          <div
            class="table-row"
          >
            <div
              class="table-cell"
            >
              <div>
                <a
                  href="#"
                >
                  Expand
                </a>
              </div>
              <div
                class="hide"
              >
                Hour
              </div>
            </div>
            <div
              class="table-cell"
            >
              Imported kWh
            </div>
            <div
              class="table-cell"
            >
              Generated kWh
            </div>
            <div
              class="table-cell"
            >
              Consumed kWh
            </div>
            <div
              class="table-cell"
            >
              Exported kWh
            </div>
            <div
              class="table-cell"
            >
              Green Energy Coverage
            </div>
            <div
              class="table-cell"
            >
              Import Cost
            </div>
            <div
              class="table-cell"
            >
              Green Energy Saving
            </div>
            <div
              class="table-cell"
            >
              Export Value
            </div>
          </div>
        </div>
        <div
          class="table-container hide"
        >
          <div
            class="table-body"
          >
            <div
              class="table-row table-primary"
            >
              <div
                class="table-cell time"
              >
                01:30
              </div>
              <div
                class="table-cell imp"
              >
                1000.00
              </div>
              <div
                class="table-cell gep"
              >
                2000.00
              </div>
              <div
                class="table-cell comp"
              >
                1000.00
              </div>
              <div
                class="table-cell exp"
              >
                500.00
              </div>
              <div
                class="table-cell gepc"
              >
                50
                %
              </div>
              <div
                class="table-cell impCost"
              />
              <div
                class="table-cell saving"
              />
              <div
                class="table-cell expValue"
              >
                4
              </div>
            </div>
          </div>
        </div>
        <div
          class="table-footer"
        >
          <div
            class="table-row"
          >
            <span
              class="table-cell"
            >
              Total
            </span>
            <span
              class="table-cell"
            >
              8
               
              kWh
            </span>
            <span
              class="table-cell"
            >
              9
               
              kWh
            </span>
            <span
              class="table-cell"
            >
              10
               
              kWh
            </span>
            <span
              class="table-cell"
            >
              11
               
              kWh
            </span>
            <span
              class="table-cell"
            >
              12
              %
            </span>
            <span
              class="table-cell"
            >
               
            </span>
            <span
              class="table-cell"
            />
            <span
              class="table-cell"
            />
          </div>
        </div>
      </div>
    </div>
  </body>,
  "container": <div>
    <div
      class="table d-md-block d-none"
    >
      <div
        class="table-header"
      >
        <div
          class="table-row"
        >
          <div
            class="table-cell"
          >
            <div>
              <a
                href="#"
              >
                Expand
              </a>
            </div>
            <div
              class="hide"
            >
              Hour
            </div>
          </div>
          <div
            class="table-cell"
          >
            Imported kWh
          </div>
          <div
            class="table-cell"
          >
            Generated kWh
          </div>
          <div
            class="table-cell"
          >
            Consumed kWh
          </div>
          <div
            class="table-cell"
          >
            Exported kWh
          </div>
          <div
            class="table-cell"
          >
            Green Energy Coverage
          </div>
          <div
            class="table-cell"
          >
            Import Cost
          </div>
          <div
            class="table-cell"
          >
            Green Energy Saving
          </div>
          <div
            class="table-cell"
          >
            Export Value
          </div>
        </div>
      </div>
      <div
        class="table-container hide"
      >
        <div
          class="table-body"
        >
          <div
            class="table-row table-primary"
          >
            <div
              class="table-cell time"
            >
              01:30
            </div>
            <div
              class="table-cell imp"
            >
              1000.00
            </div>
            <div
              class="table-cell gep"
            >
              2000.00
            </div>
            <div
              class="table-cell comp"
            >
              1000.00
            </div>
            <div
              class="table-cell exp"
            >
              500.00
            </div>
            <div
              class="table-cell gepc"
            >
              50
              %
            </div>
            <div
              class="table-cell impCost"
            />
            <div
              class="table-cell saving"
            />
            <div
              class="table-cell expValue"
            >
              4
            </div>
          </div>
        </div>
      </div>
      <div
        class="table-footer"
      >
        <div
          class="table-row"
        >
          <span
            class="table-cell"
          >
            Total
          </span>
          <span
            class="table-cell"
          >
            8
             
            kWh
          </span>
          <span
            class="table-cell"
          >
            9
             
            kWh
          </span>
          <span
            class="table-cell"
          >
            10
             
            kWh
          </span>
          <span
            class="table-cell"
          >
            11
             
            kWh
          </span>
          <span
            class="table-cell"
          >
            12
            %
          </span>
          <span
            class="table-cell"
          >
             
          </span>
          <span
            class="table-cell"
          />
          <span
            class="table-cell"
          />
        </div>
      </div>
    </div>
  </div>,
  "debug": [Function],
  "findAllByAltText": [Function],
  "findAllByDisplayValue": [Function],
  "findAllByLabelText": [Function],
  "findAllByPlaceholderText": [Function],
  "findAllByRole": [Function],
  "findAllByTestId": [Function],
  "findAllByText": [Function],
  "findAllByTitle": [Function],
  "findByAltText": [Function],
  "findByDisplayValue": [Function],
  "findByLabelText": [Function],
  "findByPlaceholderText": [Function],
  "findByRole": [Function],
  "findByTestId": [Function],
  "findByText": [Function],
  "findByTitle": [Function],
  "getAllByAltText": [Function],
  "getAllByDisplayValue": [Function],
  "getAllByLabelText": [Function],
  "getAllByPlaceholderText": [Function],
  "getAllByRole": [Function],
  "getAllByTestId": [Function],
  "getAllByText": [Function],
  "getAllByTitle": [Function],
  "getByAltText": [Function],
  "getByDisplayValue": [Function],
  "getByLabelText": [Function],
  "getByPlaceholderText": [Function],
  "getByRole": [Function],
  "getByTestId": [Function],
  "getByText": [Function],
  "getByTitle": [Function],
  "queryAllByAltText": [Function],
  "queryAllByDisplayValue": [Function],
  "queryAllByLabelText": [Function],
  "queryAllByPlaceholderText": [Function],
  "queryAllByRole": [Function],
  "queryAllByTestId": [Function],
  "queryAllByText": [Function],
  "queryAllByTitle": [Function],
  "queryByAltText": [Function],
  "queryByDisplayValue": [Function],
  "queryByLabelText": [Function],
  "queryByPlaceholderText": [Function],
  "queryByRole": [Function],
  "queryByTestId": [Function],
  "queryByText": [Function],
  "queryByTitle": [Function],
  "rerender": [Function],
  "unmount": [Function],
}
`;
